// Jest Snapshot v1, https://goo.gl/fbAQLP

exports[`Login component matches its own snapshot 1`] = `
<div
  className="bg-white shadow-md rounded px-8 pt-6 pb-8 mb-4 w-[380px] h-[380px]"
  data-testid="loginComponentTest"
>
  <h2
    className="text-gray-700 font-bold mb-6"
  >
    Login if you have already an account
  </h2>
  <form
    onSubmit={[Function]}
  >
    <div
      className="mb-2"
    >
      <label
        className="text-gray-700 text-sm font-bold mb-2"
        htmlFor="loginFormEmailInput"
      >
        Email
      </label>
      <input
        className="shadow appearance-none border rounded w-full py-2 px-3 text-gray-700 leading-tight focus:outline-none focus:shadow-outline"
        id="loginFormEmailInput"
        name="email"
        onChange={[Function]}
        required={true}
        type="email"
        value=""
      />
    </div>
    <div
      className="mb-4"
    >
      <label
        className="text-gray-700 text-sm font-bold mb-2"
        htmlFor="loginFormPassword"
      >
        Password
      </label>
      <input
        className="shadow appearance-none border rounded w-full py-2 px-3 text-gray-700 leading-tight focus:outline-none focus:shadow-outline"
        id="loginFormPassword"
        name="password"
        onChange={[Function]}
        required={true}
        type="password"
        value=""
      />
    </div>
    <div>
      <button
        className="bg-yellow-500 hover:bg-yellow-700 text-black font-bold py-2 px-4 rounded focus:outline-none focus:shadow-outline"
        type="submit"
        value="submit"
      >
        Login
      </button>
    </div>
  </form>
</div>
`;
